# Ntilde  <N|Ntilde>
0  0.397332
1  1.43058
2  2.37043
3  3.35629
4  4.39978
5  5.35061
6  6.38826
7  7.45584
8  8.39542
9  9.42606
10  10.3898
11  11.3313
12  12.3799
13  13.3874
14  14.3775
15  15.3507
16  16.3875
17  17.3078
18  18.3682
19  19.3552
20  20.4054
21  21.3638
22  22.3962
23  23.3766
24  24.3575
25  25.4524
26  26.4226
27  27.4446
28  28.4418
29  29.5195
30  30.4811
31  31.4615
32  32.6242
33  33.5844
34  34.5
