# F_bias [k_B*T] for each window after minimization
0
2.5533
8.6961
18.251
29.211
39
49.671
64.737
