# Biased free energy distributions:  F_i(N) [k_B*T]
0	     nan	     nan	     nan	     nan	     nan	     nan	     nan	  1.8507
1	     nan	     nan	     nan	     nan	     nan	     nan	  4.4051	   1.081
2	     nan	     nan	     nan	     nan	     nan	     nan	  3.0418	  1.1487
3	     nan	     nan	     nan	     nan	     nan	     nan	  1.8401	  1.9786
4	     nan	     nan	     nan	     nan	     nan	  6.1098	  1.4393	  3.1786
5	     nan	     nan	     nan	     nan	     nan	  5.1935	  1.3037	  5.1935
6	     nan	     nan	     nan	     nan	     nan	  3.4018	  1.8471	   6.803
7	     nan	     nan	     nan	     nan	     nan	  2.7003	  2.5333	     nan
8	     nan	     nan	     nan	     nan	     nan	  1.8091	  3.6249	     nan
9	     nan	     nan	     nan	     nan	     nan	    1.53	  4.9311	     nan
10	     nan	     nan	     nan	     nan	  5.0982	  1.4346	  6.3975	     nan
11	     nan	     nan	     nan	     nan	  3.5841	  1.7957	     nan	     nan
12	     nan	     nan	     nan	     nan	  2.7866	  2.5473	     nan	     nan
13	     nan	     nan	     nan	     nan	  1.9786	  3.8585	     nan	     nan
14	     nan	     nan	     nan	     nan	   1.641	  5.0112	     nan	     nan
15	     nan	     nan	     nan	   6.803	  1.5274	   6.803	     nan	     nan
16	     nan	     nan	     nan	  4.2772	   1.694	     nan	     nan	     nan
17	     nan	     nan	     nan	   2.881	  2.1731	     nan	     nan	     nan
18	     nan	     nan	  6.3975	  2.2078	  3.1523	     nan	     nan	     nan
19	     nan	     nan	  5.7043	  1.4048	  4.5004	     nan	     nan	     nan
20	     nan	     nan	   4.238	  1.3412	  5.8867	     nan	     nan	     nan
21	     nan	     nan	  2.4591	  1.5907	   6.803	     nan	     nan	     nan
22	  7.3139	  6.1098	  1.7061	  2.5263	     nan	     nan	     nan	     nan
23	  7.3139	  4.5517	  1.2656	  3.6459	     nan	     nan	     nan	     nan
24	  5.1167	  3.0653	  1.3758	  6.1098	     nan	     nan	     nan	     nan
25	  3.9127	  1.9948	  2.0365	     nan	     nan	     nan	     nan	     nan
26	  3.3821	  1.3541	  3.3217	     nan	     nan	     nan	     nan	     nan
27	  2.7495	  1.3349	  4.7235	     nan	     nan	     nan	     nan	     nan
28	  2.0358	   1.641	  5.8867	     nan	     nan	     nan	     nan	     nan
29	  1.7964	  2.7254	  7.4961	     nan	     nan	     nan	     nan	     nan
30	  1.6755	  3.9407	     nan	     nan	     nan	     nan	     nan	     nan
31	  1.8671	  5.5502	     nan	     nan	     nan	     nan	     nan	     nan
32	  2.3167	  7.4961	     nan	     nan	     nan	     nan	     nan	     nan
33	   2.569	     nan	     nan	     nan	     nan	     nan	     nan	     nan
34	  2.8831	     nan	     nan	     nan	     nan	     nan	     nan	     nan
