# y   F_reweighted[kBT]  NumSamples
0   50.5477   969
1   47.6864   924
2   45.259   670
3   43.1025   561
4   41.1742   401
5   39.2256   357
6   37.4978   403
7   35.713   446
8   33.9017   375
9   32.1916   251
10   30.7001   188
11   28.7646   250
12   26.6796   369
13   24.8241   380
14   23.0791   305
15   20.8658   274
16   18.9322   225
17   16.8768   284
18   14.6902   448
19   12.7932   492
20   11.0827   363
21   9.21643   399
22   7.58902   526
23   6.39582   491
24   4.983   480
25   3.9818   495
26   3.16257   581
27   2.46058   570
28   1.96449   475
29   1.92133   299
30   1.80366   264
31   1.83915   241
32   2.22145   163
33   2.66007   105
34   3.40187   50
35   4.17839   23
36   5.11666   9
37   6.62074   2
38   nan   0
39   nan   0
40   nan   0
41   nan   0
42   nan   0
43   nan   0
44   nan   0
45   nan   0
46   nan   0
47   nan   0
48   nan   0
49   nan   0
