# Useful information about each window for plotting
# x_star	avg	var	avg(Nv)	var(Nv)
       0	  29.836	  4.8927	      -1	       0
       0	  26.453	  1.6911	      -1	       0
       0	  22.859	  1.8695	      -1	       0
       0	  18.818	  2.3205	      -1	       0
       0	  13.165	  3.2097	      -1	       0
       0	  7.2387	  2.4369	      -1	       0
       0	  2.9848	  1.6158	      -1	       0
       0	 0.84312	 0.56192	      -1	       0
