# F_bias [k_B*T] +/- error for each window after minimization
0  0
2.272978  0.03755051
7.433105  0.06867816
15.85212  0.0874465
26.12359  0.1264011
35.60421  0.1541287
44.90448  0.1609165
56.14338  0.1681549
