# Unbiased free energy distributions:  F_{0,i}(N) [k_B*T]
# Data sets (by column)
# 2: nstar_30.0
# 3: nstar_25.0
# 4: nstar_20.0
# 5: nstar_15.0
# 6: nstar_10.0
# 7: nstar_5.0
# 8: nstar_0.0
# 9: nstar_-5.0
#
# N | F(N) [kBT]
0	     nan	     nan	     nan	     nan	     nan	     nan	     nan	  12.072
1	     nan	     nan	     nan	     nan	     nan	     nan	  17.774	  8.9064
2	     nan	     nan	     nan	     nan	     nan	     nan	  15.681	  6.4961
3	     nan	     nan	     nan	     nan	     nan	     nan	  13.271	  3.9314
4	     nan	     nan	     nan	     nan	     nan	  19.521	    11.5	  2.7902
5	     nan	     nan	     nan	     nan	     nan	  18.497	  9.4013	  1.7066
6	     nan	     nan	     nan	     nan	     nan	  16.322	  7.9419	       0
7	     nan	     nan	     nan	     nan	     nan	  14.785	    5.75	     nan
8	     nan	     nan	     nan	     nan	     nan	  12.803	  4.3724	     nan
9	     nan	     nan	     nan	     nan	     nan	  11.009	   2.239	     nan
10	     nan	     nan	     nan	     nan	  22.054	  9.0761	       0	     nan
11	     nan	     nan	     nan	     nan	  20.186	  7.1566	     nan	     nan
12	     nan	     nan	     nan	     nan	  18.493	  5.1109	     nan	     nan
13	     nan	     nan	     nan	     nan	  16.555	  3.4893	     nan	     nan
14	     nan	     nan	     nan	     nan	  14.572	  1.4893	     nan	     nan
15	     nan	     nan	     nan	  16.057	  12.516	       0	     nan	     nan
16	     nan	     nan	     nan	  12.906	  10.381	     nan	     nan	     nan
17	     nan	     nan	     nan	  10.704	  8.3563	     nan	     nan	     nan
18	     nan	     nan	  12.163	  8.8291	  6.7049	     nan	     nan	     nan
19	     nan	     nan	  11.677	  6.4272	  3.7363	     nan	     nan	     nan
20	     nan	     nan	  10.101	  4.7113	  3.3032	     nan	     nan	     nan
21	     nan	     nan	  7.8603	  2.7989	       0	     nan	     nan	     nan
22	  5.6384	  5.1518	  6.4545	  1.0648	     nan	     nan	     nan	     nan
23	  5.6384	  4.6519	  4.9054	       0	     nan	     nan	     nan	     nan
24	  3.4411	  3.3879	  3.6557	 0.38236	     nan	     nan	     nan	     nan
25	  2.2372	  2.3401	  2.7304	     nan	     nan	     nan	     nan	     nan
26	  1.7065	  1.4019	  1.8199	     nan	     nan	     nan	     nan	     nan
27	   1.074	 0.79031	  1.6607	     nan	     nan	     nan	     nan	     nan
28	 0.36024	  0.2321	 0.54075	     nan	     nan	     nan	     nan	     nan
29	  0.1209	       0	       0	     nan	     nan	     nan	     nan	     nan
30	       0	0.055946	     nan	     nan	     nan	     nan	     nan	     nan
31	 0.19162	 0.17354	     nan	     nan	     nan	     nan	     nan	     nan
32	 0.64114	  1.0233	     nan	     nan	     nan	     nan	     nan	     nan
33	 0.89342	     nan	     nan	     nan	     nan	     nan	     nan	     nan
34	  1.2075	     nan	     nan	     nan	     nan	     nan	     nan	     nan
