# Biased free energy distributions:  F_i(Ntilde) [k_B*T]
0	     nan	     nan	     nan	     nan	     nan	     nan	  7.4961	  1.6642
1	     nan	     nan	     nan	     nan	     nan	     nan	  4.3606	 0.98584
2	     nan	     nan	     nan	     nan	     nan	     nan	  2.7254	   1.227
3	     nan	     nan	     nan	     nan	     nan	     nan	  1.7531	  2.2282
4	     nan	     nan	     nan	     nan	     nan	  6.3975	  1.2915	  3.3852
5	     nan	     nan	     nan	     nan	     nan	  4.7235	  1.4162	  5.8867
6	     nan	     nan	     nan	     nan	     nan	  3.2766	  1.9051	     nan
7	     nan	     nan	     nan	     nan	     nan	  2.4399	  2.7866	     nan
8	     nan	     nan	     nan	     nan	     nan	  1.7278	  4.2772	     nan
9	     nan	     nan	     nan	     nan	     nan	  1.3958	  5.2989	     nan
10	     nan	     nan	     nan	     nan	  4.7235	    1.53	   6.803	     nan
11	     nan	     nan	     nan	     nan	  3.4888	  1.9431	     nan	     nan
12	     nan	     nan	     nan	     nan	  2.6209	  2.8517	     nan	     nan
13	     nan	     nan	     nan	     nan	  1.8331	  4.1288	     nan	     nan
14	     nan	     nan	     nan	     nan	  1.6268	  5.4167	     nan	     nan
15	     nan	     nan	     nan	  5.8867	  1.5325	   6.803	     nan	     nan
16	     nan	     nan	     nan	  4.1639	  1.7372	     nan	     nan	     nan
17	     nan	     nan	     nan	  2.8047	  2.2757	     nan	     nan	     nan
18	     nan	     nan	  7.4961	  1.9948	  3.6459	     nan	     nan	     nan
19	     nan	     nan	  5.5502	   1.367	   4.788	     nan	     nan	     nan
20	     nan	     nan	  3.7584	  1.2715	  6.3975	     nan	     nan	     nan
21	     nan	  7.4961	  2.2812	  1.7372	  7.4961	     nan	     nan	     nan
22	     nan	  6.3975	  1.4972	  2.7956	     nan	     nan	     nan	     nan
23	  5.9276	  4.4051	  1.2461	  4.3606	     nan	     nan	     nan	     nan
24	  4.4235	  2.6839	  1.4093	     nan	     nan	     nan	     nan	     nan
25	  3.9127	  1.6731	  2.4147	     nan	     nan	     nan	     nan	     nan
26	  3.2885	  1.2875	  3.8852	     nan	     nan	     nan	     nan	     nan
27	  2.3581	  1.2578	  5.5502	     nan	     nan	     nan	     nan	     nan
28	  1.8458	  2.0668	  7.4961	     nan	     nan	     nan	     nan	     nan
29	  1.6935	  3.3064	     nan	     nan	     nan	     nan	     nan	     nan
30	  1.6544	  5.0982	     nan	     nan	     nan	     nan	     nan	     nan
31	  2.0616	     nan	     nan	     nan	     nan	     nan	     nan	     nan
32	  2.3651	     nan	     nan	     nan	     nan	     nan	     nan	     nan
33	  2.9701	     nan	     nan	     nan	     nan	     nan	     nan	     nan
34	  3.7875	     nan	     nan	     nan	     nan	     nan	     nan	     nan
