# Unbiased free energy distributions:  F_{0,i}(x) [k_B*T]
# x | x_star=	       0	       0	       0	       0	       0	       0	       0	       0
0	     nan	     nan	     nan	     nan	     nan	     nan	  7.3884	 -4.3274
1	     nan	     nan	     nan	     nan	     nan	     nan	  3.7984	 -7.4063
2	     nan	     nan	     nan	     nan	     nan	     nan	  1.3776	 -9.8607
3	     nan	     nan	     nan	     nan	     nan	     nan	-0.74398	 -11.869
4	     nan	     nan	     nan	     nan	     nan	  6.3845	 -2.8234	 -14.108
5	     nan	     nan	     nan	     nan	     nan	  4.6419	  -4.611	  -16.27
6	     nan	     nan	     nan	     nan	     nan	  2.7705	 -6.3947	     nan
7	     nan	     nan	     nan	     nan	     nan	  1.0776	 -8.4433	     nan
8	     nan	     nan	     nan	     nan	     nan	 -0.7522	 -9.7159	     nan
9	     nan	     nan	     nan	     nan	     nan	 -2.7148	 -12.047	     nan
10	     nan	     nan	     nan	     nan	   4.608	 -4.5041	 -13.926	     nan
11	     nan	     nan	     nan	     nan	  3.0097	 -6.5073	     nan	     nan
12	     nan	     nan	     nan	     nan	  1.2789	 -8.2427	     nan	     nan
13	     nan	     nan	     nan	     nan	-0.72872	 -10.149	     nan	     nan
14	     nan	     nan	     nan	     nan	 -2.5208	 -11.892	     nan	     nan
15	     nan	     nan	     nan	  5.8174	 -4.5263	 -13.416	     nan	     nan
16	     nan	     nan	     nan	   3.595	 -6.6986	     nan	     nan	     nan
17	     nan	     nan	     nan	  1.4865	 -8.9049	     nan	     nan	     nan
18	     nan	     nan	  7.0761	-0.62398	  -10.56	     nan	     nan	     nan
19	     nan	     nan	   5.512	 -2.7513	 -13.286	     nan	     nan	     nan
20	     nan	     nan	  3.6587	 -4.8001	 -16.005	     nan	     nan	     nan
21	     nan	  5.7207	  1.7543	 -6.6464	 -16.721	     nan	     nan	     nan
22	     nan	  5.1308	 0.18718	  -8.259	     nan	     nan	     nan	     nan
23	  5.9276	  4.0449	 -1.2481	 -9.7824	     nan	     nan	     nan	     nan
24	  4.4235	  2.6332	 -2.5995	     nan	     nan	     nan	     nan	     nan
25	  3.9127	  1.5917	 -3.4949	     nan	     nan	     nan	     nan	     nan
26	  3.2885	 0.80111	 -4.5255	     nan	     nan	     nan	     nan	     nan
27	  2.3581	0.013982	 -5.6048	     nan	     nan	     nan	     nan	     nan
28	  1.8458	-0.32682	  -5.994	     nan	     nan	     nan	     nan	     nan
29	  1.6935	-0.59753	     nan	     nan	     nan	     nan	     nan	     nan
30	  1.6544	-0.86479	     nan	     nan	     nan	     nan	     nan	     nan
31	  2.0616	     nan	     nan	     nan	     nan	     nan	     nan	     nan
32	  2.3651	     nan	     nan	     nan	     nan	     nan	     nan	     nan
33	  2.9701	     nan	     nan	     nan	     nan	     nan	     nan	     nan
34	  3.7875	     nan	     nan	     nan	     nan	     nan	     nan	     nan
