# y   F_reweighted[kBT]  NumSamples
0   52.0682   283
1   48.8959   633
2   46.5236   657
3   44.2047   535
4   42.4179   506
5   40.3704   509
6   38.7501   346
7   36.9163   264
8   35.0035   343
9   33.2017   403
10   31.2549   443
11   29.3297   349
12   27.4587   252
13   25.6077   287
14   23.6213   361
15   21.5931   395
16   19.4433   356
17   17.2947   306
18   15.3913   278
19   13.0052   468
20   11.3236   502
21   9.30523   523
22   7.88751   476
23   6.33485   575
24   5.14145   552
25   4.1686   510
26   3.27781   581
27   2.65541   586
28   2.05385   550
29   1.83508   368
30   1.6722   316
31   1.85775   239
32   2.31327   149
33   2.56923   115
34   2.89507   83
