# Useful information about each window for plotting
# y_star	avg	var	avg(Nv)	var(Nv)
       0	  29.954	  5.0952	       0	       0
       0	  26.678	  2.0495	       0	       0
       0	  23.257	  2.0133	       0	       0
       0	  19.756	  2.1743	       0	       0
       0	  14.808	  3.1724	       0	       0
       0	  9.4981	  2.7797	       0	       0
       0	  4.6868	  2.2717	       0	       0
       0	  1.5891	  1.1715	       0	       0
