# data_set   avg(Ntilde)   var(Ntilde)   info_entropy(biased/rebiased)
nstar_30.0	29.9657	4.51129	0.00271231
nstar_25.0	26.7998	1.66081	0.00145539
nstar_20.0	23.4761	1.70404	0.000796916
nstar_15.0	20.0337	1.91513	0.00206168
nstar_10.0	15.0875	2.97324	0.00210224
nstar_5.0	9.73656	2.62829	0.00131213
nstar_0.0	4.93152	2.0497	0.00120473
nstar_-5.0	1.82115	1.09477	0.0015106
