# data_set   avg(x)   var(x)   avg(N)   var(N)   info_entropy
nstar_30.0	29.954	5.0952	0	0	0.0018116
nstar_25.0	26.678	2.0495	0	0	0.0015897
nstar_20.0	23.257	2.0133	0	0	0.0043417
nstar_15.0	19.756	2.1743	0	0	0.0019736
nstar_10.0	14.808	3.1724	0	0	0.0020504
nstar_5.0	9.4981	2.7797	0	0	0.0026706
nstar_0.0	4.6868	2.2717	0	0	0.0016644
nstar_-5.0	1.5891	1.1715	0	0	0.00082179
