# data_set   avg(x)   var(x)   avg(N)   var(N)   info_entropy
nstar_29.8	29.836	4.8927	-1	0	0.0029285
nstar_24.3	26.453	1.6911	-1	0	0.0014324
nstar_18.8	22.859	1.8695	-1	0	0.0010079
nstar_13.3	18.818	2.3205	-1	0	0.0018801
nstar_7.8	13.165	3.2097	-1	0	0.0003767
nstar_2.3	7.2387	2.4369	-1	0	0.0024288
nstar_-3.2	2.9848	1.6158	-1	0	0.0021758
nstar_-8.7	0.84312	0.56192	-1	0	0.0011803
