# data_set   avg(N)   var(N)   info_entropy(biased/rebiased)
nstar_30.0	29.954	5.09516	0.00181161
nstar_25.0	26.678	2.04954	0.00158967
nstar_20.0	23.2571	2.01331	0.00434168
nstar_15.0	19.7562	2.17434	0.00197357
nstar_10.0	14.8079	3.17242	0.0020504
nstar_5.0	9.49806	2.7797	0.00267063
nstar_0.0	4.68684	2.27173	0.00166436
nstar_-5.0	1.58912	1.17154	0.000821793
